// Jest Snapshot v1, https://goo.gl/fbAQLP

exports[`<Repository /> Should render correctly 1`] = `
<div>
  <div
    class="MuiBox-root css-vb578k"
  >
    <div
      class="MuiContainer-root MuiContainer-maxWidthLg css-1j2rs73-MuiContainer-root"
    >
      <div
        class="MuiBox-root css-j7qwjs"
      >
        <div
          class="MuiBox-root css-k008qs"
        >
          <h4
            class="MuiTypography-root MuiTypography-h4 css-obdthj-MuiTypography-root"
          >
            Reposit√≥rio
          </h4>
          <h4
            class="MuiTypography-root MuiTypography-h4 css-1yvpk5c-MuiTypography-root"
          />
        </div>
        <span
          class="MuiTypography-root MuiTypography-caption css-qkcnm0-MuiTypography-root"
        />
      </div>
      <div
        class="MuiBox-root css-1880h6w"
      >
        <div
          class="MuiTabs-root MuiTabs-vertical css-tf8uax-MuiTabs-root"
        >
          <div
            class="MuiTabs-scroller MuiTabs-fixed css-jpln7h-MuiTabs-scroller"
            style="overflow: hidden; margin-right: 0px;"
          >
            <div
              aria-orientation="vertical"
              class="MuiTabs-flexContainer MuiTabs-flexContainerVertical css-lfwcke-MuiTabs-flexContainer"
              role="tablist"
            >
              <button
                aria-controls="vertical-tab1panel-0"
                aria-selected="true"
                class="MuiButtonBase-root MuiTab-root MuiTab-textColorPrimary Mui-selected css-bavzl3-MuiButtonBase-root-MuiTab-root"
                id="vertical-tab1-0"
                role="tab"
                tabindex="0"
                type="button"
              >
                <svg
                  aria-hidden="true"
                  class="MuiSvgIcon-root MuiSvgIcon-fontSizeMedium css-lydjla-MuiSvgIcon-root"
                  data-testid="SsidChartIcon"
                  focusable="false"
                  viewBox="0 0 24 24"
                >
                  <path
                    d="M21 5.47 12 12 7.62 7.62 3 11V8.52L7.83 5l4.38 4.38L21 3v2.47zM21 15h-4.7l-4.17 3.34L6 12.41l-3 2.13V17l2.8-2 6.2 6 5-4h4v-2z"
                  />
                </svg>
                <span
                  class="MuiTouchRipple-root css-8je8zh-MuiTouchRipple-root"
                />
              </button>
              <button
                aria-controls="vertical-tab1panel-1"
                aria-selected="false"
                class="MuiButtonBase-root MuiTab-root MuiTab-textColorPrimary css-bavzl3-MuiButtonBase-root-MuiTab-root"
                id="vertical-tab1-1"
                role="tab"
                tabindex="-1"
                type="button"
              >
                <svg
                  aria-hidden="true"
                  class="MuiSvgIcon-root MuiSvgIcon-fontSizeMedium css-lydjla-MuiSvgIcon-root"
                  data-testid="LineAxisIcon"
                  focusable="false"
                  viewBox="0 0 24 24"
                >
                  <path
                    d="m22 7.43-1.41-1.41-4.03 4.53L9.5 4 2 11.51l1.5 1.5 6.14-6.15 5.59 5.18-1.73 1.95-4-4L2 17.5 3.5 19l6-6.01 4 4 3.19-3.59 3.9 3.61L22 15.6l-3.98-3.7z"
                  />
                </svg>
                <span
                  class="MuiTouchRipple-root css-8je8zh-MuiTouchRipple-root"
                />
              </button>
            </div>
            <span
              class="MuiTabs-indicator css-10d9dml-MuiTabs-indicator"
              style="top: 0px; height: 0px;"
            />
          </div>
        </div>
        <div
          aria-labelledby="vertical-tab-0"
          class="MuiBox-root css-1njwyir"
          id="vertical-tabpanel-0"
          role="tabpanel"
        >
          <span
            class="MuiSkeleton-root MuiSkeleton-rectangular MuiSkeleton-pulse css-58ftfq-MuiSkeleton-root"
            style="height: 300px;"
          />
        </div>
        <div
          aria-labelledby="vertical-tab-1"
          class="MuiBox-root css-1nw0r8e"
          id="vertical-tabpanel-1"
          role="tabpanel"
        >
          <div
            class="MuiBox-root css-13kcqfm"
            style="opacity: 1; webkit-transition: opacity 1500ms cubic-bezier(0.4, 0, 0.2, 1) 0ms; transition: opacity 1500ms cubic-bezier(0.4, 0, 0.2, 1) 0ms;"
          >
            <div
              _echarts_instance_="ec_123"
              class="echarts-for-react "
              size-sensor-id="2"
              style="height: 300px; webkit-user-select: none; user-select: none; -webkit-tap-highlight-color: rgba(0, 0, 0, 0);"
            >
              <div
                style="position: relative; width: 0px; height: 300px; padding: 0px; margin: 0px; border-width: 0px;"
              />
              <object
                class="size-sensor-object"
                data="about:blank"
                style="display: block; position: absolute; top: 0px; left: 0px; height: 100%; width: 100%; overflow: hidden; pointer-events: none; z-index: -1; opacity: 0;"
                tabindex="-1"
                type="text/html"
              />
            </div>
          </div>
        </div>
      </div>
      <div
        class="MuiBox-root css-1880h6w"
      >
        <div
          class="MuiTabs-root MuiTabs-vertical css-tf8uax-MuiTabs-root"
        >
          <div
            class="MuiTabs-scroller MuiTabs-fixed css-jpln7h-MuiTabs-scroller"
            style="overflow: hidden; margin-right: 0px;"
          >
            <div
              aria-orientation="vertical"
              class="MuiTabs-flexContainer MuiTabs-flexContainerVertical css-lfwcke-MuiTabs-flexContainer"
              role="tablist"
            >
              <button
                aria-controls="vertical-tab2panel-0"
                aria-selected="true"
                class="MuiButtonBase-root MuiTab-root MuiTab-textColorPrimary Mui-selected css-bavzl3-MuiButtonBase-root-MuiTab-root"
                id="vertical-tab2-0"
                role="tab"
                tabindex="0"
                type="button"
              >
                <svg
                  fill="currentColor"
                  font-size="22px"
                  height="1em"
                  stroke="currentColor"
                  stroke-width="0"
                  viewBox="0 0 1024 1024"
                  width="1em"
                  xmlns="http://www.w3.org/2000/svg"
                >
                  <path
                    d="M926.8 397.1l-396-288a31.81 31.81 0 0 0-37.6 0l-396 288a31.99 31.99 0 0 0-11.6 35.8l151.3 466a32 32 0 0 0 30.4 22.1h489.5c13.9 0 26.1-8.9 30.4-22.1l151.3-466c4.2-13.2-.5-27.6-11.7-35.8zM838.6 417l-98.5 32-200-144.7V199.9L838.6 417zM466 567.2l-89.1 122.3-55.2-169.2L466 567.2zm-116.3-96.8L484 373.3v140.8l-134.3-43.7zM512 599.2l93.9 128.9H418.1L512 599.2zm28.1-225.9l134.2 97.1L540.1 514V373.3zM558 567.2l144.3-46.9-55.2 169.2L558 567.2zm-74-367.3v104.4L283.9 449l-98.5-32L484 199.9zM169.3 470.8l86.5 28.1 80.4 246.4-53.8 73.9-113.1-348.4zM327.1 853l50.3-69h269.3l50.3 69H327.1zm414.5-33.8l-53.8-73.9 80.4-246.4 86.5-28.1-113.1 348.4z"
                  />
                </svg>
                <span
                  class="MuiTouchRipple-root css-8je8zh-MuiTouchRipple-root"
                />
              </button>
              <button
                aria-controls="vertical-tab2panel-1"
                aria-selected="false"
                class="MuiButtonBase-root MuiTab-root MuiTab-textColorPrimary css-bavzl3-MuiButtonBase-root-MuiTab-root"
                id="vertical-tab2-1"
                role="tab"
                tabindex="-1"
                type="button"
              >
                <svg
                  aria-hidden="true"
                  class="MuiSvgIcon-root MuiSvgIcon-fontSizeMedium css-lydjla-MuiSvgIcon-root"
                  data-testid="SpeedIcon"
                  focusable="false"
                  viewBox="0 0 24 24"
                >
                  <path
                    d="m20.38 8.57-1.23 1.85a8 8 0 0 1-.22 7.58H5.07A8 8 0 0 1 15.58 6.85l1.85-1.23A10 10 0 0 0 3.35 19a2 2 0 0 0 1.72 1h13.85a2 2 0 0 0 1.74-1 10 10 0 0 0-.27-10.44zm-9.79 6.84a2 2 0 0 0 2.83 0l5.66-8.49-8.49 5.66a2 2 0 0 0 0 2.83z"
                  />
                </svg>
                <span
                  class="MuiTouchRipple-root css-8je8zh-MuiTouchRipple-root"
                />
              </button>
            </div>
            <span
              class="MuiTabs-indicator css-10d9dml-MuiTabs-indicator"
              style="top: 0px; height: 0px;"
            />
          </div>
        </div>
        <div
          aria-labelledby="vertical-tab-0"
          class="MuiBox-root css-1njwyir"
          id="vertical-tabpanel-0"
          role="tabpanel"
        >
          <span
            class="MuiSkeleton-root MuiSkeleton-rectangular MuiSkeleton-pulse css-58ftfq-MuiSkeleton-root"
            style="height: 300px;"
          />
        </div>
        <div
          aria-labelledby="vertical-tab-1"
          class="MuiBox-root css-1nw0r8e"
          id="vertical-tabpanel-1"
          role="tabpanel"
        >
          <div
            class="MuiBox-root css-13kcqfm"
            style="opacity: 1; webkit-transition: opacity 1500ms cubic-bezier(0.4, 0, 0.2, 1) 0ms; transition: opacity 1500ms cubic-bezier(0.4, 0, 0.2, 1) 0ms;"
          />
        </div>
      </div>
      <div
        class="MuiBox-root css-10khgmf"
      >
        <div
          class="MuiPaper-root MuiPaper-elevation MuiPaper-rounded MuiPaper-elevation1 MuiTableContainer-root css-18s8wze-MuiPaper-root-MuiTableContainer-root"
          style="opacity: 1; webkit-transition: opacity 1000ms cubic-bezier(0.4, 0, 0.2, 1) 0ms; transition: opacity 1000ms cubic-bezier(0.4, 0, 0.2, 1) 0ms;"
        >
          <table
            aria-label="simple table"
            class="MuiTable-root MuiTable-stickyHeader css-xn82ks-MuiTable-root"
          >
            <thead
              class="MuiTableHead-root css-15wwp11-MuiTableHead-root"
            >
              <tr
                class="MuiTableRow-root MuiTableRow-head css-1q1u3t4-MuiTableRow-root"
              >
                <th
                  class="MuiTableCell-root MuiTableCell-head MuiTableCell-stickyHeader MuiTableCell-sizeMedium css-y8ay40-MuiTableCell-root"
                  scope="col"
                >
                  Caracter√≠sticas
                </th>
                <th
                  class="MuiTableCell-root MuiTableCell-head MuiTableCell-stickyHeader MuiTableCell-alignRight MuiTableCell-sizeMedium css-i02g0k-MuiTableCell-root"
                  scope="col"
                >
                  √öltimo valor
                </th>
                <th
                  class="MuiTableCell-root MuiTableCell-head MuiTableCell-stickyHeader MuiTableCell-alignRight MuiTableCell-sizeMedium css-i02g0k-MuiTableCell-root"
                  scope="col"
                >
                  √öltima medi√ß√£o
                </th>
              </tr>
            </thead>
            <tbody
              class="MuiTableBody-root css-apqrd9-MuiTableBody-root"
            />
          </table>
        </div>
      </div>
      <span
        class="MuiSkeleton-root MuiSkeleton-rectangular MuiSkeleton-pulse css-58ftfq-MuiSkeleton-root"
        style="height: 300px;"
      />
      <span
        class="MuiSkeleton-root MuiSkeleton-text MuiSkeleton-pulse css-g8n8pw-MuiSkeleton-root"
      />
      <span
        class="MuiSkeleton-root MuiSkeleton-rectangular MuiSkeleton-pulse css-58ftfq-MuiSkeleton-root"
        style="height: 300px;"
      />
      <span
        class="MuiSkeleton-root MuiSkeleton-text MuiSkeleton-pulse css-g8n8pw-MuiSkeleton-root"
      />
      <span
        class="MuiSkeleton-root MuiSkeleton-rectangular MuiSkeleton-pulse css-58ftfq-MuiSkeleton-root"
        style="height: 300px;"
      />
      <span
        class="MuiSkeleton-root MuiSkeleton-text MuiSkeleton-pulse css-g8n8pw-MuiSkeleton-root"
      />
    </div>
  </div>
</div>
`;
