// Jest Snapshot v1, https://goo.gl/fbAQLP

exports[`Header should render correctly 1`] = `
<div>
  <div
    class="MuiBox-root css-j7qwjs"
  >
    <div
      class="MuiBox-root css-k008qs"
    >
      <h4
        class="MuiTypography-root MuiTypography-h4 css-obdthj-MuiTypography-root"
      >
        Reposit√≥rio
      </h4>
      <h4
        class="MuiTypography-root MuiTypography-h4 css-1yvpk5c-MuiTypography-root"
      />
    </div>
    <span
      class="MuiTypography-root MuiTypography-caption css-qkcnm0-MuiTypography-root"
    />
  </div>
</div>
`;
