// Jest Snapshot v1, https://goo.gl/fbAQLP

exports[`SideMenuItem should render the SideMenuItem component 1`] = `
<div
  aria-hidden="true"
/>
`;
