// Jest Snapshot v1, https://goo.gl/fbAQLP

exports[`<CreateRelease /> Snapshot Deve corresponder ao Snapshot 1`] = `
Object {
  "asFragment": [Function],
  "baseElement": <body
    style="padding-right: 1024px; overflow: hidden;"
  >
    <div
      aria-hidden="true"
    >
      <div
        class="MuiSnackbar-root MuiSnackbar-anchorOriginBottomRight css-sfbrjq-MuiSnackbar-root"
        role="presentation"
      >
        <div
          class="MuiPaper-root MuiPaper-elevation MuiPaper-rounded MuiPaper-elevation0 MuiAlert-root MuiAlert-standardSuccess MuiAlert-standard css-efvcc7-MuiPaper-root-MuiAlert-root"
          direction="up"
          role="alert"
          style="opacity: 1; transform: scale(1, 1); transition: opacity 225ms cubic-bezier(0.4, 0, 0.2, 1) 0ms,transform 150ms cubic-bezier(0.4, 0, 0.2, 1) 0ms;"
        >
          <div
            class="MuiAlert-icon css-1ytlwq5-MuiAlert-icon"
          >
            <svg
              aria-hidden="true"
              class="MuiSvgIcon-root MuiSvgIcon-fontSizeInherit css-1vooibu-MuiSvgIcon-root"
              data-testid="SuccessOutlinedIcon"
              focusable="false"
              viewBox="0 0 24 24"
            >
              <path
                d="M20,12A8,8 0 0,1 12,20A8,8 0 0,1 4,12A8,8 0 0,1 12,4C12.76,4 13.5,4.11 14.2, 4.31L15.77,2.74C14.61,2.26 13.34,2 12,2A10,10 0 0,0 2,12A10,10 0 0,0 12,22A10,10 0 0, 0 22,12M7.91,10.08L6.5,11.5L11,16L21,6L19.59,4.58L11,13.17L7.91,10.08Z"
              />
            </svg>
          </div>
          <div
            class="MuiAlert-message css-1pxa9xg-MuiAlert-message"
          >
            Release criada com sucesso!
          </div>
        </div>
      </div>
    </div>
    <div
      class="MuiDrawer-root MuiDrawer-modal MuiModal-root css-1u2w381-MuiModal-root-MuiDrawer-root"
      role="presentation"
    >
      <div
        aria-hidden="true"
        class="MuiBackdrop-root css-i9fmh8-MuiBackdrop-root-MuiModal-backdrop"
        style="opacity: 1; webkit-transition: opacity 225ms cubic-bezier(0.4, 0, 0.2, 1) 0ms; transition: opacity 225ms cubic-bezier(0.4, 0, 0.2, 1) 0ms;"
      />
      <div
        data-testid="sentinelStart"
        tabindex="0"
      />
      <div
        class="MuiPaper-root MuiPaper-elevation MuiPaper-elevation16 MuiDrawer-paper MuiDrawer-paperAnchorRight css-1160xiw-MuiPaper-root-MuiDrawer-paper"
        tabindex="-1"
      >
        <div
          class="MuiBox-root css-1m45ylu"
        >
          <div
            class="styles__ScrollDiv-sc-1casz44-0 eTyGvR"
          >
            <div
              class="MuiContainer-root MuiContainer-maxWidthLg css-1oqqzyl-MuiContainer-root"
            >
              <div
                class="styles__Header-sc-1xrutlg-0 jlUPbi"
              >
                <h1
                  style="color: rgb(51, 86, 142); font-weight: 500;"
                >
                  Planejar Release
                </h1>
                <p
                  style="margin-top: 60px;"
                >
                  Na etapa inicial do planejamento da release é possível definir seu nome e as datas de início e fim.
                </p>
              </div>
              <div
                class="styles__Body-sc-1xrutlg-1 htLsRD"
              >
                <div
                  class="MuiBox-root css-0"
                >
                  <h2
                    style="color: rgb(83, 139, 163); font-weight: 500;"
                  >
                    Configurações básicas
                  </h2>
                  <div
                    class="MuiFormControl-root MuiFormControl-fullWidth MuiTextField-root css-wb57ya-MuiFormControl-root-MuiTextField-root"
                    style="margin-bottom: 24px;"
                  >
                    <label
                      class="MuiFormLabel-root MuiInputLabel-root MuiInputLabel-formControl MuiInputLabel-animated MuiInputLabel-shrink MuiInputLabel-outlined MuiFormLabel-colorPrimary MuiFormLabel-filled Mui-required MuiInputLabel-root MuiInputLabel-formControl MuiInputLabel-animated MuiInputLabel-shrink MuiInputLabel-outlined css-1sumxir-MuiFormLabel-root-MuiInputLabel-root"
                      data-shrink="true"
                      for=":r0:"
                      id=":r0:-label"
                    >
                      Apelido da release
                      <span
                        aria-hidden="true"
                        class="MuiFormLabel-asterisk MuiInputLabel-asterisk css-wgai2y-MuiFormLabel-asterisk"
                      >
                         
                        *
                      </span>
                    </label>
                    <div
                      class="MuiInputBase-root MuiOutlinedInput-root MuiInputBase-colorPrimary MuiInputBase-fullWidth MuiInputBase-formControl css-md26zr-MuiInputBase-root-MuiOutlinedInput-root"
                    >
                      <input
                        aria-invalid="false"
                        class="MuiInputBase-input MuiOutlinedInput-input css-1t8l2tu-MuiInputBase-input-MuiOutlinedInput-input"
                        data-testid="apelido-release"
                        id=":r0:"
                        required=""
                        type="text"
                        value="asdasd"
                      />
                      <fieldset
                        aria-hidden="true"
                        class="MuiOutlinedInput-notchedOutline css-1d3z3hw-MuiOutlinedInput-notchedOutline"
                      >
                        <legend
                          class="css-14lo706"
                        >
                          <span>
                            Apelido da release
                             
                            *
                          </span>
                        </legend>
                      </fieldset>
                    </div>
                  </div>
                  <div
                    class="MuiBox-root css-k008qs"
                  >
                    <div
                      class="MuiFormControl-root MuiTextField-root css-1vs1jgp-MuiFormControl-root-MuiTextField-root"
                      style="margin-right: 16px;"
                    >
                      <label
                        class="MuiFormLabel-root MuiInputLabel-root MuiInputLabel-formControl MuiInputLabel-animated MuiInputLabel-shrink MuiInputLabel-outlined MuiFormLabel-colorPrimary MuiFormLabel-filled Mui-required MuiInputLabel-root MuiInputLabel-formControl MuiInputLabel-animated MuiInputLabel-shrink MuiInputLabel-outlined css-1sumxir-MuiFormLabel-root-MuiInputLabel-root"
                        data-shrink="true"
                        for=":r1:"
                        id=":r1:-label"
                      >
                        Data de ínicio da release
                        <span
                          aria-hidden="true"
                          class="MuiFormLabel-asterisk MuiInputLabel-asterisk css-wgai2y-MuiFormLabel-asterisk"
                        >
                           
                          *
                        </span>
                      </label>
                      <div
                        class="MuiInputBase-root MuiOutlinedInput-root MuiInputBase-colorPrimary MuiInputBase-formControl css-9ddj71-MuiInputBase-root-MuiOutlinedInput-root"
                      >
                        <input
                          aria-invalid="false"
                          class="MuiInputBase-input MuiOutlinedInput-input css-1t8l2tu-MuiInputBase-input-MuiOutlinedInput-input"
                          data-testid="inicio-release"
                          id=":r1:"
                          required=""
                          type="date"
                          value="2022-09-18"
                        />
                        <fieldset
                          aria-hidden="true"
                          class="MuiOutlinedInput-notchedOutline css-1d3z3hw-MuiOutlinedInput-notchedOutline"
                        >
                          <legend
                            class="css-14lo706"
                          >
                            <span>
                              Data de ínicio da release
                               
                              *
                            </span>
                          </legend>
                        </fieldset>
                      </div>
                    </div>
                    <div
                      class="MuiFormControl-root MuiTextField-root css-1vs1jgp-MuiFormControl-root-MuiTextField-root"
                    >
                      <label
                        class="MuiFormLabel-root MuiInputLabel-root MuiInputLabel-formControl MuiInputLabel-animated MuiInputLabel-shrink MuiInputLabel-outlined MuiFormLabel-colorPrimary MuiFormLabel-filled Mui-required MuiInputLabel-root MuiInputLabel-formControl MuiInputLabel-animated MuiInputLabel-shrink MuiInputLabel-outlined css-1sumxir-MuiFormLabel-root-MuiInputLabel-root"
                        data-shrink="true"
                        for=":r2:"
                        id=":r2:-label"
                      >
                        Data de fim da release
                        <span
                          aria-hidden="true"
                          class="MuiFormLabel-asterisk MuiInputLabel-asterisk css-wgai2y-MuiFormLabel-asterisk"
                        >
                           
                          *
                        </span>
                      </label>
                      <div
                        class="MuiInputBase-root MuiOutlinedInput-root MuiInputBase-colorPrimary MuiInputBase-formControl css-9ddj71-MuiInputBase-root-MuiOutlinedInput-root"
                      >
                        <input
                          aria-invalid="false"
                          class="MuiInputBase-input MuiOutlinedInput-input css-1t8l2tu-MuiInputBase-input-MuiOutlinedInput-input"
                          data-testid="fim-release"
                          id=":r2:"
                          required=""
                          type="date"
                          value="2022-09-25"
                        />
                        <fieldset
                          aria-hidden="true"
                          class="MuiOutlinedInput-notchedOutline css-1d3z3hw-MuiOutlinedInput-notchedOutline"
                        >
                          <legend
                            class="css-14lo706"
                          >
                            <span>
                              Data de fim da release
                               
                              *
                            </span>
                          </legend>
                        </fieldset>
                      </div>
                    </div>
                  </div>
                </div>
              </div>
            </div>
          </div>
          <div
            class="MuiBox-root css-1yuhvjn"
          >
            <button
              class="MuiButtonBase-root MuiButton-root MuiButton-outlined MuiButton-outlinedPrimary MuiButton-sizeMedium MuiButton-outlinedSizeMedium MuiButton-root MuiButton-outlined MuiButton-outlinedPrimary MuiButton-sizeMedium MuiButton-outlinedSizeMedium css-1iy6m51-MuiButtonBase-root-MuiButton-root"
              data-testid="back-button"
              tabindex="0"
              type="button"
            >
              Voltar
              <span
                class="MuiTouchRipple-root css-8je8zh-MuiTouchRipple-root"
              />
            </button>
            <button
              class="MuiButtonBase-root MuiButton-root MuiButton-contained MuiButton-containedPrimary MuiButton-sizeMedium MuiButton-containedSizeMedium MuiButton-root MuiButton-contained MuiButton-containedPrimary MuiButton-sizeMedium MuiButton-containedSizeMedium css-8jrlok-MuiButtonBase-root-MuiButton-root"
              data-testid="next-button"
              tabindex="0"
              type="button"
            >
              Continuar
              <span
                class="MuiTouchRipple-root css-8je8zh-MuiTouchRipple-root"
              />
            </button>
          </div>
        </div>
      </div>
      <div
        data-testid="sentinelEnd"
        tabindex="0"
      />
    </div>
  </body>,
  "container": <div
    aria-hidden="true"
  >
    <div
      class="MuiSnackbar-root MuiSnackbar-anchorOriginBottomRight css-sfbrjq-MuiSnackbar-root"
      role="presentation"
    >
      <div
        class="MuiPaper-root MuiPaper-elevation MuiPaper-rounded MuiPaper-elevation0 MuiAlert-root MuiAlert-standardSuccess MuiAlert-standard css-efvcc7-MuiPaper-root-MuiAlert-root"
        direction="up"
        role="alert"
        style="opacity: 1; transform: scale(1, 1); transition: opacity 225ms cubic-bezier(0.4, 0, 0.2, 1) 0ms,transform 150ms cubic-bezier(0.4, 0, 0.2, 1) 0ms;"
      >
        <div
          class="MuiAlert-icon css-1ytlwq5-MuiAlert-icon"
        >
          <svg
            aria-hidden="true"
            class="MuiSvgIcon-root MuiSvgIcon-fontSizeInherit css-1vooibu-MuiSvgIcon-root"
            data-testid="SuccessOutlinedIcon"
            focusable="false"
            viewBox="0 0 24 24"
          >
            <path
              d="M20,12A8,8 0 0,1 12,20A8,8 0 0,1 4,12A8,8 0 0,1 12,4C12.76,4 13.5,4.11 14.2, 4.31L15.77,2.74C14.61,2.26 13.34,2 12,2A10,10 0 0,0 2,12A10,10 0 0,0 12,22A10,10 0 0, 0 22,12M7.91,10.08L6.5,11.5L11,16L21,6L19.59,4.58L11,13.17L7.91,10.08Z"
            />
          </svg>
        </div>
        <div
          class="MuiAlert-message css-1pxa9xg-MuiAlert-message"
        >
          Release criada com sucesso!
        </div>
      </div>
    </div>
  </div>,
  "debug": [Function],
  "findAllByAltText": [Function],
  "findAllByDisplayValue": [Function],
  "findAllByLabelText": [Function],
  "findAllByPlaceholderText": [Function],
  "findAllByRole": [Function],
  "findAllByTestId": [Function],
  "findAllByText": [Function],
  "findAllByTitle": [Function],
  "findByAltText": [Function],
  "findByDisplayValue": [Function],
  "findByLabelText": [Function],
  "findByPlaceholderText": [Function],
  "findByRole": [Function],
  "findByTestId": [Function],
  "findByText": [Function],
  "findByTitle": [Function],
  "getAllByAltText": [Function],
  "getAllByDisplayValue": [Function],
  "getAllByLabelText": [Function],
  "getAllByPlaceholderText": [Function],
  "getAllByRole": [Function],
  "getAllByTestId": [Function],
  "getAllByText": [Function],
  "getAllByTitle": [Function],
  "getByAltText": [Function],
  "getByDisplayValue": [Function],
  "getByLabelText": [Function],
  "getByPlaceholderText": [Function],
  "getByRole": [Function],
  "getByTestId": [Function],
  "getByText": [Function],
  "getByTitle": [Function],
  "queryAllByAltText": [Function],
  "queryAllByDisplayValue": [Function],
  "queryAllByLabelText": [Function],
  "queryAllByPlaceholderText": [Function],
  "queryAllByRole": [Function],
  "queryAllByTestId": [Function],
  "queryAllByText": [Function],
  "queryAllByTitle": [Function],
  "queryByAltText": [Function],
  "queryByDisplayValue": [Function],
  "queryByLabelText": [Function],
  "queryByPlaceholderText": [Function],
  "queryByRole": [Function],
  "queryByTestId": [Function],
  "queryByText": [Function],
  "queryByTitle": [Function],
  "rerender": [Function],
  "unmount": [Function],
}
`;
